
> invmax-web-clean@1.0.0 dev
> vite --host 0.0.0.0


  VITE v8.0.12  ready in 193 ms

  ➜  Local:   http://localhost:5173/
  ➜  Network: http://169.254.0.21:5173/
6:36:29 PM [vite] (client) page reload src/pages/ReportsPage.jsx
6:38:56 PM [vite] (client) page reload src/components/Icon.jsx
6:55:00 PM [vite] (client) page reload src/services/supabaseClient.js
6:55:00 PM [vite] (client) page reload src/components/Icon.jsx
6:55:06 PM [vite] (client) page reload src/App.jsx
6:55:27 PM [vite] (client) page reload src/pages/AuthPage.jsx
6:55:35 PM [vite] (client) page reload src/pages/ProfilePage.jsx
6:55:43 PM [vite] (client) page reload src/pages/ReportsPage.jsx
6:55:54 PM [vite] (client) hmr update /src/styles/global.css
6:56:05 PM [vite] (client) page reload src/pages/AuthPage.jsx
3:33:01 AM [vite] (client) page reload src/pages/AuthPage.jsx
3:57:39 AM [vite] (client) page reload src/utils/inventory.js
3:57:39 AM [vite] (client) page reload src/pages/ProductsPage.jsx
3:57:44 AM [vite] (client) page reload src/pages/ProductsPage.jsx
3:58:08 AM [vite] (client) page reload src/pages/OptimizePage.jsx
3:58:17 AM [vite] (client) page reload src/pages/Dashboard.jsx
3:58:37 AM [vite] (client) page reload src/pages/ReportsPage.jsx
4:57:16 AM [vite] (client) page reload src/pages/ReportsPage.jsx
5:03:55 AM [vite] (client) page reload src/pages/ReportsPage.jsx
